// Jest Snapshot v1, https://goo.gl/fbAQLP

exports[`ShoppingList component renders ShoppingItems when supplied with an items prop 1`] = `
<ul>
  <ShoppingItem
    item={
      Object {
        "checked": false,
        "name": "test item 1",
      }
    }
    key="0"
    onCheckItem={[Function]}
  />
  <ShoppingItem
    item={
      Object {
        "checked": true,
        "name": "another test item",
      }
    }
    key="1"
    onCheckItem={[Function]}
  />
  <ShoppingItem
    item={
      Object {
        "checked": false,
        "name": "test item number three",
      }
    }
    key="2"
    onCheckItem={[Function]}
  />
</ul>
`;

exports[`ShoppingList component renders empty given no items 1`] = `<ul />`;
